Archive member included to satisfy reference by file (symbol)

c:/st/stm32cubeide_1.4.0/stm32cubeide/plugins/com.st.stm32cube.ide.mcu.externaltools.gnu-tools-for-stm32.7-2018-q2-update.win32_1.4.0.202007081208/tools/bin/../lib/gcc/arm-none-eabi/7.3.1/../../../../arm-none-eabi/lib/thumb/v7-m\libc_nano.a(lib_a-errno.o)
                              Core/Src/syscalls.o (__errno)
c:/st/stm32cubeide_1.4.0/stm32cubeide/plugins/com.st.stm32cube.ide.mcu.externaltools.gnu-tools-for-stm32.7-2018-q2-update.win32_1.4.0.202007081208/tools/bin/../lib/gcc/arm-none-eabi/7.3.1/../../../../arm-none-eabi/lib/thumb/v7-m\libc_nano.a(lib_a-exit.o)
                              c:/st/stm32cubeide_1.4.0/stm32cubeide/plugins/com.st.stm32cube.ide.mcu.externaltools.gnu-tools-for-stm32.7-2018-q2-update.win32_1.4.0.202007081208/tools/bin/../lib/gcc/arm-none-eabi/7.3.1/../../../../arm-none-eabi/lib/thumb/v7-m/crt0.o (exit)
c:/st/stm32cubeide_1.4.0/stm32cubeide/plugins/com.st.stm32cube.ide.mcu.externaltools.gnu-tools-for-stm32.7-2018-q2-update.win32_1.4.0.202007081208/tools/bin/../lib/gcc/arm-none-eabi/7.3.1/../../../../arm-none-eabi/lib/thumb/v7-m\libc_nano.a(lib_a-impure.o)
                              c:/st/stm32cubeide_1.4.0/stm32cubeide/plugins/com.st.stm32cube.ide.mcu.externaltools.gnu-tools-for-stm32.7-2018-q2-update.win32_1.4.0.202007081208/tools/bin/../lib/gcc/arm-none-eabi/7.3.1/../../../../arm-none-eabi/lib/thumb/v7-m\libc_nano.a(lib_a-exit.o) (_global_impure_ptr)
c:/st/stm32cubeide_1.4.0/stm32cubeide/plugins/com.st.stm32cube.ide.mcu.externaltools.gnu-tools-for-stm32.7-2018-q2-update.win32_1.4.0.202007081208/tools/bin/../lib/gcc/arm-none-eabi/7.3.1/../../../../arm-none-eabi/lib/thumb/v7-m\libc_nano.a(lib_a-init.o)
                              c:/st/stm32cubeide_1.4.0/stm32cubeide/plugins/com.st.stm32cube.ide.mcu.externaltools.gnu-tools-for-stm32.7-2018-q2-update.win32_1.4.0.202007081208/tools/bin/../lib/gcc/arm-none-eabi/7.3.1/../../../../arm-none-eabi/lib/thumb/v7-m/crt0.o (__libc_init_array)
c:/st/stm32cubeide_1.4.0/stm32cubeide/plugins/com.st.stm32cube.ide.mcu.externaltools.gnu-tools-for-stm32.7-2018-q2-update.win32_1.4.0.202007081208/tools/bin/../lib/gcc/arm-none-eabi/7.3.1/../../../../arm-none-eabi/lib/thumb/v7-m\libc_nano.a(lib_a-memset.o)
                              c:/st/stm32cubeide_1.4.0/stm32cubeide/plugins/com.st.stm32cube.ide.mcu.externaltools.gnu-tools-for-stm32.7-2018-q2-update.win32_1.4.0.202007081208/tools/bin/../lib/gcc/arm-none-eabi/7.3.1/../../../../arm-none-eabi/lib/thumb/v7-m/crt0.o (memset)
c:/st/stm32cubeide_1.4.0/stm32cubeide/plugins/com.st.stm32cube.ide.mcu.externaltools.gnu-tools-for-stm32.7-2018-q2-update.win32_1.4.0.202007081208/tools/bin/../lib/gcc/arm-none-eabi/7.3.1/../../../../arm-none-eabi/lib/thumb/v7-m\libc_nano.a(lib_a-putchar.o)
                              u8g2/csrc/u8x8_d_stdio.o (putchar)
c:/st/stm32cubeide_1.4.0/stm32cubeide/plugins/com.st.stm32cube.ide.mcu.externaltools.gnu-tools-for-stm32.7-2018-q2-update.win32_1.4.0.202007081208/tools/bin/../lib/gcc/arm-none-eabi/7.3.1/../../../../arm-none-eabi/lib/thumb/v7-m\libc_nano.a(lib_a-findfp.o)
                              c:/st/stm32cubeide_1.4.0/stm32cubeide/plugins/com.st.stm32cube.ide.mcu.externaltools.gnu-tools-for-stm32.7-2018-q2-update.win32_1.4.0.202007081208/tools/bin/../lib/gcc/arm-none-eabi/7.3.1/../../../../arm-none-eabi/lib/thumb/v7-m\libc_nano.a(lib_a-putchar.o) (__sinit)
c:/st/stm32cubeide_1.4.0/stm32cubeide/plugins/com.st.stm32cube.ide.mcu.externaltools.gnu-tools-for-stm32.7-2018-q2-update.win32_1.4.0.202007081208/tools/bin/../lib/gcc/arm-none-eabi/7.3.1/../../../../arm-none-eabi/lib/thumb/v7-m\libc_nano.a(lib_a-fwalk.o)
                              c:/st/stm32cubeide_1.4.0/stm32cubeide/plugins/com.st.stm32cube.ide.mcu.externaltools.gnu-tools-for-stm32.7-2018-q2-update.win32_1.4.0.202007081208/tools/bin/../lib/gcc/arm-none-eabi/7.3.1/../../../../arm-none-eabi/lib/thumb/v7-m\libc_nano.a(lib_a-findfp.o) (_fwalk)
c:/st/stm32cubeide_1.4.0/stm32cubeide/plugins/com.st.stm32cube.ide.mcu.externaltools.gnu-tools-for-stm32.7-2018-q2-update.win32_1.4.0.202007081208/tools/bin/../lib/gcc/arm-none-eabi/7.3.1/../../../../arm-none-eabi/lib/thumb/v7-m\libc_nano.a(lib_a-nano-mallocr.o)
                              c:/st/stm32cubeide_1.4.0/stm32cubeide/plugins/com.st.stm32cube.ide.mcu.externaltools.gnu-tools-for-stm32.7-2018-q2-update.win32_1.4.0.202007081208/tools/bin/../lib/gcc/arm-none-eabi/7.3.1/../../../../arm-none-eabi/lib/thumb/v7-m\libc_nano.a(lib_a-findfp.o) (_malloc_r)
c:/st/stm32cubeide_1.4.0/stm32cubeide/plugins/com.st.stm32cube.ide.mcu.externaltools.gnu-tools-for-stm32.7-2018-q2-update.win32_1.4.0.202007081208/tools/bin/../lib/gcc/arm-none-eabi/7.3.1/../../../../arm-none-eabi/lib/thumb/v7-m\libc_nano.a(lib_a-putc.o)
[...]
Memory Configuration

Name             Origin             Length             Attributes
RAM              0x0000000020000000 0x0000000000005000 xrw
FLASH            0x0000000008000000 0x0000000000010000 xr
*default*        0x0000000000000000 0xffffffffffffffff

Linker script and memory map

LOAD c:/st/stm32cubeide_1.4.0/stm32cubeide/plugins/com.st.stm32cube.ide.mcu.externaltools.gnu-tools-for-stm32.7-2018-q2-update.win32_1.4.0.202007081208/tools/bin/../lib/gcc/arm-none-eabi/7.3.1/thumb/v7-m/crti.o
LOAD c:/st/stm32cubeide_1.4.0/stm32cubeide/plugins/com.st.stm32cube.ide.mcu.externaltools.gnu-tools-for-stm32.7-2018-q2-update.win32_1.4.0.202007081208/tools/bin/../lib/gcc/arm-none-eabi/7.3.1/thumb/v7-m/crtbegin.o
LOAD c:/st/stm32cubeide_1.4.0/stm32cubeide/plugins/com.st.stm32cube.ide.mcu.externaltools.gnu-tools-for-stm32.7-2018-q2-update.win32_1.4.0.202007081208/tools/bin/../lib/gcc/arm-none-eabi/7.3.1/../../../../arm-none-eabi/lib/thumb/v7-m/crt0.o
LOAD Core/Src/main.o
LOAD Core/Src/stm32f1xx_hal_msp.o
LOAD Core/Src/stm32f1xx_it.o
LOAD Core/Src/syscalls.o
LOAD Core/Src/sysmem.o
LOAD Core/Src/system_stm32f1xx.o
LOAD Core/Startup/startup_stm32f103c8tx.o
LOAD Drivers/STM32F1xx_HAL_Driver/Src/stm32f1xx_hal.o
LOAD Drivers/STM32F1xx_HAL_Driver/Src/stm32f1xx_hal_cortex.o
LOAD Drivers/STM32F1xx_HAL_Driver/Src/stm32f1xx_hal_dma.o
LOAD Drivers/STM32F1xx_HAL_Driver/Src/stm32f1xx_hal_exti.o
LOAD Drivers/STM32F1xx_HAL_Driver/Src/stm32f1xx_hal_flash.o
LOAD Drivers/STM32F1xx_HAL_Driver/Src/stm32f1xx_hal_flash_ex.o
LOAD Drivers/STM32F1xx_HAL_Driver/Src/stm32f1xx_hal_gpio.o
LOAD Drivers/STM32F1xx_HAL_Driver/Src/stm32f1xx_hal_gpio_ex.o
LOAD Drivers/STM32F1xx_HAL_Driver/Src/stm32f1xx_hal_pwr.o
LOAD Drivers/STM32F1xx_HAL_Driver/Src/stm32f1xx_hal_rcc.o
LOAD Drivers/STM32F1xx_HAL_Driver/Src/stm32f1xx_hal_rcc_ex.o
LOAD Drivers/STM32F1xx_HAL_Driver/Src/stm32f1xx_hal_tim.o
LOAD Drivers/STM32F1xx_HAL_Driver/Src/stm32f1xx_hal_tim_ex.o
LOAD u8g2/csrc/u8g2_bitmap.o
LOAD u8g2/csrc/u8g2_box.o
LOAD u8g2/csrc/u8g2_buffer.o
LOAD u8g2/csrc/u8g2_circle.o
LOAD u8g2/csrc/u8g2_cleardisplay.o
LOAD u8g2/csrc/u8g2_d_memory.o
LOAD u8g2/csrc/u8g2_d_setup.o
LOAD u8g2/csrc/u8g2_font.o
LOAD u8g2/csrc/u8g2_fonts.o
LOAD u8g2/csrc/u8g2_hvline.o
LOAD u8g2/csrc/u8g2_input_value.o
LOAD u8g2/csrc/u8g2_intersection.o
LOAD u8g2/csrc/u8g2_kerning.o
LOAD u8g2/csrc/u8g2_line.o
LOAD u8g2/csrc/u8g2_ll_hvline.o
LOAD u8g2/csrc/u8g2_message.o
LOAD u8g2/csrc/u8g2_polygon.o
LOAD u8g2/csrc/u8g2_selection_list.o
LOAD u8g2/csrc/u8g2_setup.o
LOAD u8g2/csrc/u8x8_8x8.o
LOAD u8g2/csrc/u8x8_byte.o
LOAD u8g2/csrc/u8x8_cad.o
LOAD u8g2/csrc/u8x8_d_a2printer.o
LOAD u8g2/csrc/u8x8_d_il3820_296x128.o
LOAD u8g2/csrc/u8x8_d_ist3020.o
LOAD u8g2/csrc/u8x8_d_ks0108.o
LOAD u8g2/csrc/u8x8_d_lc7981.o
LOAD u8g2/csrc/u8x8_d_ld7032_60x32.o
LOAD u8g2/csrc/u8x8_d_ls013b7dh03.o
LOAD u8g2/csrc/u8x8_d_max7219.o
LOAD u8g2/csrc/u8x8_d_pcd8544_84x48.o
LOAD u8g2/csrc/u8x8_d_pcf8812.o
LOAD u8g2/csrc/u8x8_d_sbn1661.o
LOAD u8g2/csrc/u8x8_d_sed1330.o
LOAD u8g2/csrc/u8x8_d_sh1107.o
LOAD u8g2/csrc/u8x8_d_ssd1305.o
LOAD u8g2/csrc/u8x8_d_ssd1306_128x32.o
LOAD u8g2/csrc/u8x8_d_ssd1306_128x64_noname.o
LOAD u8g2/csrc/u8x8_d_ssd1306_64x32.o
LOAD u8g2/csrc/u8x8_d_ssd1306_64x48.o
LOAD u8g2/csrc/u8x8_d_ssd1306_96x16.o
LOAD u8g2/csrc/u8x8_d_ssd1309.o
LOAD u8g2/csrc/u8x8_d_ssd1322.o
LOAD u8g2/csrc/u8x8_d_ssd1325.o
LOAD u8g2/csrc/u8x8_d_ssd1326.o
LOAD u8g2/csrc/u8x8_d_ssd1327.o
LOAD u8g2/csrc/u8x8_d_ssd1329.o
LOAD u8g2/csrc/u8x8_d_ssd1606_172x72.o
LOAD u8g2/csrc/u8x8_d_ssd1607_200x200.o
LOAD u8g2/csrc/u8x8_d_st75256.o
LOAD u8g2/csrc/u8x8_d_st7565.o
LOAD u8g2/csrc/u8x8_d_st7567.o
LOAD u8g2/csrc/u8x8_d_st7588.o
LOAD u8g2/csrc/u8x8_d_st7920.o
LOAD u8g2/csrc/u8x8_d_stdio.o
LOAD u8g2/csrc/u8x8_d_t6963.o
LOAD u8g2/csrc/u8x8_d_uc1601.o
LOAD u8g2/csrc/u8x8_d_uc1604.o
LOAD u8g2/csrc/u8x8_d_uc1608.o
LOAD u8g2/csrc/u8x8_d_uc1610.o
LOAD u8g2/csrc/u8x8_d_uc1611.o
LOAD u8g2/csrc/u8x8_d_uc1617.o
LOAD u8g2/csrc/u8x8_d_uc1638.o
LOAD u8g2/csrc/u8x8_d_uc1701_dogs102.o
LOAD u8g2/csrc/u8x8_d_uc1701_mini12864.o
LOAD u8g2/csrc/u8x8_debounce.o
LOAD u8g2/csrc/u8x8_display.o
LOAD u8g2/csrc/u8x8_fonts.o
LOAD u8g2/csrc/u8x8_gpio.o
LOAD u8g2/csrc/u8x8_input_value.o
LOAD u8g2/csrc/u8x8_message.o
LOAD u8g2/csrc/u8x8_selection_list.o
LOAD u8g2/csrc/u8x8_setup.o
LOAD u8g2/csrc/u8x8_string.o
LOAD u8g2/csrc/u8x8_u16toa.o
LOAD u8g2/csrc/u8x8_u8toa.o
START GROUP
LOAD c:/st/stm32cubeide_1.4.0/stm32cubeide/plugins/com.st.stm32cube.ide.mcu.externaltools.gnu-tools-for-stm32.7-2018-q2-update.win32_1.4.0.202007081208/tools/bin/../lib/gcc/arm-none-eabi/7.3.1/../../../../arm-none-eabi/lib/thumb/v7-m\libc_nano.a
LOAD c:/st/stm32cubeide_1.4.0/stm32cubeide/plugins/com.st.stm32cube.ide.mcu.externaltools.gnu-tools-for-stm32.7-2018-q2-update.win32_1.4.0.202007081208/tools/bin/../lib/gcc/arm-none-eabi/7.3.1/../../../../arm-none-eabi/lib/thumb/v7-m\libm.a
END GROUP
START GROUP
LOAD c:/st/stm32cubeide_1.4.0/stm32cubeide/plugins/com.st.stm32cube.ide.mcu.externaltools.gnu-tools-for-stm32.7-2018-q2-update.win32_1.4.0.202007081208/tools/bin/../lib/gcc/arm-none-eabi/7.3.1/thumb/v7-m\libgcc.a
LOAD c:/st/stm32cubeide_1.4.0/stm32cubeide/plugins/com.st.stm32cube.ide.mcu.externaltools.gnu-tools-for-stm32.7-2018-q2-update.win32_1.4.0.202007081208/tools/bin/../lib/gcc/arm-none-eabi/7.3.1/../../../../arm-none-eabi/lib/thumb/v7-m\libc_nano.a
END GROUP
START GROUP
LOAD c:/st/stm32cubeide_1.4.0/stm32cubeide/plugins/com.st.stm32cube.ide.mcu.externaltools.gnu-tools-for-stm32.7-2018-q2-update.win32_1.4.0.202007081208/tools/bin/../lib/gcc/arm-none-eabi/7.3.1/thumb/v7-m\libgcc.a
LOAD c:/st/stm32cubeide_1.4.0/stm32cubeide/plugins/com.st.stm32cube.ide.mcu.externaltools.gnu-tools-for-stm32.7-2018-q2-update.win32_1.4.0.202007081208/tools/bin/../lib/gcc/arm-none-eabi/7.3.1/../../../../arm-none-eabi/lib/thumb/v7-m\libc_nano.a
LOAD c:/st/stm32cubeide_1.4.0/stm32cubeide/plugins/com.st.stm32cube.ide.mcu.externaltools.gnu-tools-for-stm32.7-2018-q2-update.win32_1.4.0.202007081208/tools/bin/../lib/gcc/arm-none-eabi/7.3.1/../../../../arm-none-eabi/lib/thumb/v7-m\libnosys.a
END GROUP
START GROUP
LOAD c:/st/stm32cubeide_1.4.0/stm32cubeide/plugins/com.st.stm32cube.ide.mcu.externaltools.gnu-tools-for-stm32.7-2018-q2-update.win32_1.4.0.202007081208/tools/bin/../lib/gcc/arm-none-eabi/7.3.1/thumb/v7-m\libgcc.a
LOAD c:/st/stm32cubeide_1.4.0/stm32cubeide/plugins/com.st.stm32cube.ide.mcu.externaltools.gnu-tools-for-stm32.7-2018-q2-update.win32_1.4.0.202007081208/tools/bin/../lib/gcc/arm-none-eabi/7.3.1/../../../../arm-none-eabi/lib/thumb/v7-m\libc_nano.a
LOAD c:/st/stm32cubeide_1.4.0/stm32cubeide/plugins/com.st.stm32cube.ide.mcu.externaltools.gnu-tools-for-stm32.7-2018-q2-update.win32_1.4.0.202007081208/tools/bin/../lib/gcc/arm-none-eabi/7.3.1/../../../../arm-none-eabi/lib/thumb/v7-m\libnosys.a
END GROUP
LOAD c:/st/stm32cubeide_1.4.0/stm32cubeide/plugins/com.st.stm32cube.ide.mcu.externaltools.gnu-tools-for-stm32.7-2018-q2-update.win32_1.4.0.202007081208/tools/bin/../lib/gcc/arm-none-eabi/7.3.1/thumb/v7-m/crtend.o
LOAD c:/st/stm32cubeide_1.4.0/stm32cubeide/plugins/com.st.stm32cube.ide.mcu.externaltools.gnu-tools-for-stm32.7-2018-q2-update.win32_1.4.0.202007081208/tools/bin/../lib/gcc/arm-none-eabi/7.3.1/thumb/v7-m/crtn.o
                0x0000000020005000                _estack = (ORIGIN (RAM) + LENGTH (RAM))
                0x0000000000000200                _Min_Heap_Size = 0x200
                0x0000000000000400                _Min_Stack_Size = 0x400

.isr_vector     0x0000000008000000      0x10c
                0x0000000008000000                . = ALIGN (0x4)
 *(.isr_vector)
 .isr_vector    0x0000000008000000      0x10c Core/Startup/startup_stm32f103c8tx.o
                0x0000000008000000                g_pfnVectors
                0x000000000800010c                . = ALIGN (0x4)

.text           0x000000000800010c     0x3138
                0x000000000800010c                . = ALIGN (0x4)
 *(.text)
 .text          0x000000000800010c       0x40 c:/st/stm32cubeide_1.4.0/stm32cubeide/plugins/com.st.stm32cube.ide.mcu.externaltools.gnu-tools-for-stm32.7-2018-q2-update.win32_1.4.0.202007081208/tools/bin/../lib/gcc/arm-none-eabi/7.3.1/thumb/v7-m/crtbegin.o
 *(.text*)
 .text.delay_us
                0x000000000800014c       0x32 Core/Src/main.o
                0x000000000800014c                delay_us
 *fill*         0x000000000800017e        0x2 
 .text.u8g2_gpio_and_delay_stm32
                0x0000000008000180      0x1bc Core/Src/main.o
                0x0000000008000180                u8g2_gpio_and_delay_stm32
 .text.BSP_LED_Init
                0x000000000800033c       0x60 Core/Src/main.o
                0x000000000800033c                BSP_LED_Init
 .text.BSP_LED1_Toggle
                0x000000000800039c       0x14 Core/Src/main.o
                0x000000000800039c                BSP_LED1_Toggle
 .text.BSP_LED2_Toggle
                0x00000000080003b0       0x14 Core/Src/main.o
                0x00000000080003b0                BSP_LED2_Toggle
 .text.main     0x00000000080003c4      0x114 Core/Src/main.o
                0x00000000080003c4                main
 .text.SystemClock_Config
                0x00000000080004d8       0x8a Core/Src/main.o
                0x00000000080004d8                SystemClock_Config
 *fill*         0x0000000008000562        0x2 
 .text.MX_GPIO_Init
                0x0000000008000564       0x44 Core/Src/main.o
 .text.Error_Handler
                0x00000000080005a8        0xc Core/Src/main.o
                0x00000000080005a8                Error_Handler
 .text.HAL_MspInit
                0x00000000080005b4       0x64 Core/Src/stm32f1xx_hal_msp.o
                0x00000000080005b4                HAL_MspInit
 .text.NMI_Handler
                0x0000000008000618        0xc Core/Src/stm32f1xx_it.o
                0x0000000008000618                NMI_Handler
 .text.HardFault_Handler
                0x0000000008000624        0x6 Core/Src/stm32f1xx_it.o
                0x0000000008000624                HardFault_Handler
 .text.MemManage_Handler
                0x000000000800062a        0x6 Core/Src/stm32f1xx_it.o
                0x000000000800062a                MemManage_Handler
 .text.BusFault_Handler
                0x0000000008000630        0x6 Core/Src/stm32f1xx_it.o
                0x0000000008000630                BusFault_Handler
 .text.UsageFault_Handler
                0x0000000008000636        0x6 Core/Src/stm32f1xx_it.o
                0x0000000008000636                UsageFault_Handler
 .text.SVC_Handler
                0x000000000800063c        0xc Core/Src/stm32f1xx_it.o
                0x000000000800063c                SVC_Handler
 .text.DebugMon_Handler
                0x0000000008000648        0xc Core/Src/stm32f1xx_it.o
                0x0000000008000648                DebugMon_Handler
 .text.PendSV_Handler
                0x0000000008000654        0xc Core/Src/stm32f1xx_it.o
                0x0000000008000654                PendSV_Handler
 .text.SysTick_Handler
                0x0000000008000660        0xc Core/Src/stm32f1xx_it.o
                0x0000000008000660                SysTick_Handler
 .text.SystemInit
                0x000000000800066c        0xc Core/Src/system_stm32f1xx.o
                0x000000000800066c                SystemInit
 .text.Reset_Handler
                0x0000000008000678       0x48 Core/Startup/startup_stm32f103c8tx.o
                0x0000000008000678                Reset_Handler
 .text.Default_Handler
                0x00000000080006c0        0x2 Core/Startup/startup_stm32f103c8tx.o
                0x00000000080006c0                RTC_Alarm_IRQHandler
                0x00000000080006c0                EXTI2_IRQHandler
                0x00000000080006c0                TIM1_CC_IRQHandler
                0x00000000080006c0                PVD_IRQHandler
                0x00000000080006c0                EXTI3_IRQHandler
                0x00000000080006c0                EXTI0_IRQHandler
                0x00000000080006c0                I2C2_EV_IRQHandler
                0x00000000080006c0                ADC1_2_IRQHandler
                0x00000000080006c0                SPI1_IRQHandler
                0x00000000080006c0                TAMPER_IRQHandler
                0x00000000080006c0                DMA1_Channel4_IRQHandler
                0x00000000080006c0                USART3_IRQHandler
                0x00000000080006c0                RTC_IRQHandler
                0x00000000080006c0                DMA1_Channel7_IRQHandler
                0x00000000080006c0                CAN1_RX1_IRQHandler
                0x00000000080006c0                TIM4_IRQHandler
                0x00000000080006c0                I2C1_EV_IRQHandler
                0x00000000080006c0                DMA1_Channel6_IRQHandler
                0x00000000080006c0                TIM3_IRQHandler
                0x00000000080006c0                RCC_IRQHandler
                0x00000000080006c0                TIM1_TRG_COM_IRQHandler
                0x00000000080006c0                DMA1_Channel1_IRQHandler
                0x00000000080006c0                Default_Handler
                0x00000000080006c0                EXTI15_10_IRQHandler
                0x00000000080006c0                EXTI9_5_IRQHandler
                0x00000000080006c0                SPI2_IRQHandler
                0x00000000080006c0                DMA1_Channel5_IRQHandler
                0x00000000080006c0                EXTI4_IRQHandler
                0x00000000080006c0                USB_LP_CAN1_RX0_IRQHandler
                0x00000000080006c0                USB_HP_CAN1_TX_IRQHandler
                0x00000000080006c0                DMA1_Channel3_IRQHandler
                0x00000000080006c0                TIM1_UP_IRQHandler
                0x00000000080006c0                WWDG_IRQHandler
                0x00000000080006c0                TIM2_IRQHandler
                0x00000000080006c0                TIM1_BRK_IRQHandler
                0x00000000080006c0                EXTI1_IRQHandler
                0x00000000080006c0                USART2_IRQHandler
                0x00000000080006c0                I2C2_ER_IRQHandler
                0x00000000080006c0                DMA1_Channel2_IRQHandler
                0x00000000080006c0                CAN1_SCE_IRQHandler
                0x00000000080006c0                FLASH_IRQHandler
                0x00000000080006c0                USART1_IRQHandler
                0x00000000080006c0                I2C1_ER_IRQHandler
                0x00000000080006c0                USBWakeUp_IRQHandler
 *fill*         0x00000000080006c2        0x2 
 .text.HAL_Init
                0x00000000080006c4       0x2c Drivers/STM32F1xx_HAL_Driver/Src/stm32f1xx_hal.o
                0x00000000080006c4                HAL_Init
 .text.HAL_InitTick
                0x00000000080006f0       0x60 Drivers/STM32F1xx_HAL_Driver/Src/stm32f1xx_hal.o
                0x00000000080006f0                HAL_InitTick
 .text.HAL_IncTick
                0x0000000008000750       0x24 Drivers/STM32F1xx_HAL_Driver/Src/stm32f1xx_hal.o
                0x0000000008000750                HAL_IncTick
 .text.HAL_GetTick
                0x0000000008000774       0x14 Drivers/STM32F1xx_HAL_Driver/Src/stm32f1xx_hal.o
                0x0000000008000774                HAL_GetTick
 .text.HAL_Delay
                0x0000000008000788       0x44 Drivers/STM32F1xx_HAL_Driver/Src/stm32f1xx_hal.o
                0x0000000008000788                HAL_Delay
 .text.__NVIC_SetPriorityGrouping
                0x00000000080007cc       0x48 Drivers/STM32F1xx_HAL_Driver/Src/stm32f1xx_hal_cortex.o
 .text.__NVIC_GetPriorityGrouping
                0x0000000008000814       0x1c Drivers/STM32F1xx_HAL_Driver/Src/stm32f1xx_hal_cortex.o
 .text.__NVIC_SetPriority
                0x0000000008000830       0x54 Drivers/STM32F1xx_HAL_Driver/Src/stm32f1xx_hal_cortex.o
 .text.NVIC_EncodePriority
                0x0000000008000884       0x64 Drivers/STM32F1xx_HAL_Driver/Src/stm32f1xx_hal_cortex.o
 .text.SysTick_Config
                0x00000000080008e8       0x44 Drivers/STM32F1xx_HAL_Driver/Src/stm32f1xx_hal_cortex.o
 .text.HAL_NVIC_SetPriorityGrouping
                0x000000000800092c       0x16 Drivers/STM32F1xx_HAL_Driver/Src/stm32f1xx_hal_cortex.o
                0x000000000800092c                HAL_NVIC_SetPriorityGrouping
 .text.HAL_NVIC_SetPriority
                0x0000000008000942       0x38 Drivers/STM32F1xx_HAL_Driver/Src/stm32f1xx_hal_cortex.o
                0x0000000008000942                HAL_NVIC_SetPriority
 .text.HAL_SYSTICK_Config
                0x000000000800097a       0x18 Drivers/STM32F1xx_HAL_Driver/Src/stm32f1xx_hal_cortex.o
                0x000000000800097a                HAL_SYSTICK_Config
 *fill*         0x0000000008000992        0x2 
 .text.HAL_GPIO_Init
                0x0000000008000994      0x2b4 Drivers/STM32F1xx_HAL_Driver/Src/stm32f1xx_hal_gpio.o
                0x0000000008000994                HAL_GPIO_Init
 .text.HAL_GPIO_WritePin
                0x0000000008000c48       0x30 Drivers/STM32F1xx_HAL_Driver/Src/stm32f1xx_hal_gpio.o
                0x0000000008000c48                HAL_GPIO_WritePin
 .text.HAL_GPIO_TogglePin
                0x0000000008000c78       0x32 Drivers/STM32F1xx_HAL_Driver/Src/stm32f1xx_hal_gpio.o
                0x0000000008000c78                HAL_GPIO_TogglePin
 *fill*         0x0000000008000caa        0x2 
 .text.HAL_RCC_OscConfig
                0x0000000008000cac      0x500 Drivers/STM32F1xx_HAL_Driver/Src/stm32f1xx_hal_rcc.o
                0x0000000008000cac                HAL_RCC_OscConfig
 .text.HAL_RCC_ClockConfig
                0x00000000080011ac      0x1d4 Drivers/STM32F1xx_HAL_Driver/Src/stm32f1xx_hal_rcc.o
                0x00000000080011ac                HAL_RCC_ClockConfig
 .text.HAL_RCC_GetSysClockFreq
                0x0000000008001380       0xc4 Drivers/STM32F1xx_HAL_Driver/Src/stm32f1xx_hal_rcc.o
                0x0000000008001380                HAL_RCC_GetSysClockFreq
 .text.RCC_Delay
                0x0000000008001444       0x3c Drivers/STM32F1xx_HAL_Driver/Src/stm32f1xx_hal_rcc.o
 .text.u8g2_DrawBox
                0x0000000008001480       0x6e u8g2/csrc/u8g2_box.o
                0x0000000008001480                u8g2_DrawBox
 .text.u8g2_ClearBuffer
                0x00000000080014ee       0x3c u8g2/csrc/u8g2_buffer.o
                0x00000000080014ee                u8g2_ClearBuffer
 .text.u8g2_send_tile_row
                0x000000000800152a       0x56 u8g2/csrc/u8g2_buffer.o
 .text.u8g2_send_buffer
                0x0000000008001580       0x54 u8g2/csrc/u8g2_buffer.o
 .text.u8g2_SendBuffer
                0x00000000080015d4       0x1c u8g2/csrc/u8g2_buffer.o
                0x00000000080015d4                u8g2_SendBuffer
 .text.u8g2_draw_circle_section
                0x00000000080015f0      0x10a u8g2/csrc/u8g2_circle.o
 .text.u8g2_draw_circle
                0x00000000080016fa       0xc0 u8g2/csrc/u8g2_circle.o
 .text.u8g2_DrawCircle
                0x00000000080017ba       0x70 u8g2/csrc/u8g2_circle.o
                0x00000000080017ba                u8g2_DrawCircle
 *fill*         0x000000000800182a        0x2 
 .text.u8g2_m_16_8_f
                0x000000000800182c       0x20 u8g2/csrc/u8g2_d_memory.o
                0x000000000800182c                u8g2_m_16_8_f
 .text.u8g2_Setup_st7920_s_128x64_f
                0x000000000800184c       0x50 u8g2/csrc/u8g2_d_setup.o
                0x000000000800184c                u8g2_Setup_st7920_s_128x64_f
 .text.u8g2_font_get_byte
                0x000000000800189c       0x22 u8g2/csrc/u8g2_font.o
 .text.u8g2_font_get_word
                0x00000000080018be       0x3e u8g2/csrc/u8g2_font.o
 .text.u8g2_read_font_info
                0x00000000080018fc      0x152 u8g2/csrc/u8g2_font.o
                0x00000000080018fc                u8g2_read_font_info
 .text.u8g2_font_decode_get_unsigned_bits
                0x0000000008001a4e       0x94 u8g2/csrc/u8g2_font.o
                0x0000000008001a4e                u8g2_font_decode_get_unsigned_bits
 .text.u8g2_font_decode_get_signed_bits
                0x0000000008001ae2       0x46 u8g2/csrc/u8g2_font.o
                0x0000000008001ae2                u8g2_font_decode_get_signed_bits
 .text.u8g2_add_vector_y
                0x0000000008001b28       0x60 u8g2/csrc/u8g2_font.o
 .text.u8g2_add_vector_x
                0x0000000008001b88       0x60 u8g2/csrc/u8g2_font.o
 .text.u8g2_font_decode_len
                0x0000000008001be8      0x10c u8g2/csrc/u8g2_font.o
                0x0000000008001be8                u8g2_font_decode_len
 .text.u8g2_font_setup_decode
                0x0000000008001cf4       0x6e u8g2/csrc/u8g2_font.o
 *fill*         0x0000000008001d62        0x2 
 .text.u8g2_font_decode_glyph
                0x0000000008001d64      0x20c u8g2/csrc/u8g2_font.o
                0x0000000008001d64                u8g2_font_decode_glyph
 .text.u8g2_font_get_glyph_data
                0x0000000008001f70       0xd2 u8g2/csrc/u8g2_font.o
                0x0000000008001f70                u8g2_font_get_glyph_data
 .text.u8g2_font_draw_glyph
                0x0000000008002042       0x56 u8g2/csrc/u8g2_font.o
 .text.u8g2_DrawGlyph
                0x0000000008002098       0xa4 u8g2/csrc/u8g2_font.o
                0x0000000008002098                u8g2_DrawGlyph
 .text.u8g2_draw_string
                0x000000000800213c       0xb8 u8g2/csrc/u8g2_font.o
 .text.u8g2_DrawStr
                0x00000000080021f4       0x34 u8g2/csrc/u8g2_font.o
                0x00000000080021f4                u8g2_DrawStr
 .text.u8g2_UpdateRefHeight
                0x0000000008002228       0xd6 u8g2/csrc/u8g2_font.o
                0x0000000008002228                u8g2_UpdateRefHeight
 .text.u8g2_font_calc_vref_font
                0x00000000080022fe       0x14 u8g2/csrc/u8g2_font.o
                0x00000000080022fe                u8g2_font_calc_vref_font
 *fill*         0x0000000008002312        0x2 
 .text.u8g2_SetFontPosBaseline
                0x0000000008002314       0x1c u8g2/csrc/u8g2_font.o
                0x0000000008002314                u8g2_SetFontPosBaseline
 .text.u8g2_SetFont
                0x0000000008002330       0x34 u8g2/csrc/u8g2_font.o
                0x0000000008002330                u8g2_SetFont
 .text.u8g2_clip_intersection
                0x0000000008002364       0x76 u8g2/csrc/u8g2_hvline.o
 .text.u8g2_draw_hv_line_2dir
                0x00000000080023da       0xc4 u8g2/csrc/u8g2_hvline.o
 .text.u8g2_draw_hv_line_4dir
                0x000000000800249e       0xac u8g2/csrc/u8g2_hvline.o
                0x000000000800249e                u8g2_draw_hv_line_4dir
 .text.u8g2_DrawHVLine
                0x000000000800254a       0x3e u8g2/csrc/u8g2_hvline.o
                0x000000000800254a                u8g2_DrawHVLine
 .text.u8g2_DrawPixel
                0x0000000008002588       0x66 u8g2/csrc/u8g2_hvline.o
                0x0000000008002588                u8g2_DrawPixel
 .text.u8g2_is_intersection_decision_tree
                0x00000000080025ee       0x66 u8g2/csrc/u8g2_intersection.o
                0x00000000080025ee                u8g2_is_intersection_decision_tree
 .text.u8g2_IsIntersection
                0x0000000008002654       0x56 u8g2/csrc/u8g2_intersection.o
                0x0000000008002654                u8g2_IsIntersection
 .text.u8g2_ll_hvline_horizontal_right_lsb
                0x00000000080026aa      0x112 u8g2/csrc/u8g2_ll_hvline.o
                0x00000000080026aa                u8g2_ll_hvline_horizontal_right_lsb
 .text.u8g2_SetupBuffer
                0x00000000080027bc       0x78 u8g2/csrc/u8g2_setup.o
                0x00000000080027bc                u8g2_SetupBuffer
 .text.u8g2_update_dimension_common
                0x0000000008002834       0xe8 u8g2/csrc/u8g2_setup.o
 .text.u8g2_update_dimension_r0
                0x000000000800291c       0x42 u8g2/csrc/u8g2_setup.o
                0x000000000800291c                u8g2_update_dimension_r0
 .text.u8g2_draw_l90_r0
                0x000000000800295e       0x34 u8g2/csrc/u8g2_setup.o
                0x000000000800295e                u8g2_draw_l90_r0
 .text.u8x8_utf8_init
                0x0000000008002992       0x1a u8g2/csrc/u8x8_8x8.o
                0x0000000008002992                u8x8_utf8_init
 .text.u8x8_ascii_next
                0x00000000080029ac       0x2c u8g2/csrc/u8x8_8x8.o
                0x00000000080029ac                u8x8_ascii_next
 .text.u8x8_byte_SendBytes
                0x00000000080029d8       0x26 u8g2/csrc/u8x8_byte.o
                0x00000000080029d8                u8x8_byte_SendBytes
 .text.u8x8_byte_SendByte
                0x00000000080029fe       0x22 u8g2/csrc/u8x8_byte.o
                0x00000000080029fe                u8x8_byte_SendByte
 .text.u8x8_byte_4wire_sw_spi
                0x0000000008002a20      0x188 u8g2/csrc/u8x8_byte.o
                0x0000000008002a20                u8x8_byte_4wire_sw_spi
 .text.u8x8_cad_SendCmd
                0x0000000008002ba8       0x24 u8g2/csrc/u8x8_cad.o
                0x0000000008002ba8                u8x8_cad_SendCmd
 .text.u8x8_cad_SendData
                0x0000000008002bcc       0x26 u8g2/csrc/u8x8_cad.o
                0x0000000008002bcc                u8x8_cad_SendData
 .text.u8x8_cad_StartTransfer
                0x0000000008002bf2       0x20 u8g2/csrc/u8x8_cad.o
                0x0000000008002bf2                u8x8_cad_StartTransfer
 .text.u8x8_cad_EndTransfer
                0x0000000008002c12       0x20 u8g2/csrc/u8x8_cad.o
                0x0000000008002c12                u8x8_cad_EndTransfer
 .text.u8x8_cad_SendSequence
                0x0000000008002c32       0x9c u8g2/csrc/u8x8_cad.o
                0x0000000008002c32                u8x8_cad_SendSequence
 *fill*         0x0000000008002cce        0x2 
 .text.u8x8_cad_st7920_spi
                0x0000000008002cd0      0x180 u8g2/csrc/u8x8_cad.o
                0x0000000008002cd0                u8x8_cad_st7920_spi
 .text.u8x8_d_st7920_common
                0x0000000008002e50      0x108 u8g2/csrc/u8x8_d_st7920.o
                0x0000000008002e50                u8x8_d_st7920_common
 .text.u8x8_d_st7920_128x64
                0x0000000008002f58       0x40 u8g2/csrc/u8x8_d_st7920.o
                0x0000000008002f58                u8x8_d_st7920_128x64
 .text.u8x8_d_helper_display_setup_memory
                0x0000000008002f98       0x24 u8g2/csrc/u8x8_display.o
                0x0000000008002f98                u8x8_d_helper_display_setup_memory
 .text.u8x8_d_helper_display_init
                0x0000000008002fbc       0x7a u8g2/csrc/u8x8_display.o
                0x0000000008002fbc                u8x8_d_helper_display_init
 .text.u8x8_DrawTile
                0x0000000008003036       0x44 u8g2/csrc/u8x8_display.o
                0x0000000008003036                u8x8_DrawTile
 .text.u8x8_SetupMemory
                0x000000000800307a       0x1e u8g2/csrc/u8x8_display.o
                0x000000000800307a                u8x8_SetupMemory
 .text.u8x8_InitDisplay
                0x0000000008003098       0x1e u8g2/csrc/u8x8_display.o
                0x0000000008003098                u8x8_InitDisplay
 .text.u8x8_SetPowerSave
                0x00000000080030b6       0x22 u8g2/csrc/u8x8_display.o
                0x00000000080030b6                u8x8_SetPowerSave
 .text.u8x8_RefreshDisplay
                0x00000000080030d8       0x1e u8g2/csrc/u8x8_display.o
                0x00000000080030d8                u8x8_RefreshDisplay
 .text.u8x8_gpio_call
                0x00000000080030f6       0x26 u8g2/csrc/u8x8_gpio.o
                0x00000000080030f6                u8x8_gpio_call
 .text.u8x8_dummy_cb
                0x000000000800311c       0x1e u8g2/csrc/u8x8_setup.o
                0x000000000800311c                u8x8_dummy_cb
 *fill*         0x000000000800313a        0x2 
 .text.u8x8_SetupDefaults
                0x000000000800313c       0x5c u8g2/csrc/u8x8_setup.o
                0x000000000800313c                u8x8_SetupDefaults
 .text.u8x8_Setup
                0x0000000008003198       0x3a u8g2/csrc/u8x8_setup.o
                0x0000000008003198                u8x8_Setup
 *fill*         0x00000000080031d2        0x2 
 .text.__libc_init_array
                0x00000000080031d4       0x48 c:/st/stm32cubeide_1.4.0/stm32cubeide/plugins/com.st.stm32cube.ide.mcu.externaltools.gnu-tools-for-stm32.7-2018-q2-update.win32_1.4.0.202007081208/tools/bin/../lib/gcc/arm-none-eabi/7.3.1/../../../../arm-none-eabi/lib/thumb/v7-m\libc_nano.a(lib_a-init.o)
                0x00000000080031d4                __libc_init_array
 .text.memset   0x000000000800321c       0x10 c:/st/stm32cubeide_1.4.0/stm32cubeide/plugins/com.st.stm32cube.ide.mcu.externaltools.gnu-tools-for-stm32.7-2018-q2-update.win32_1.4.0.202007081208/tools/bin/../lib/gcc/arm-none-eabi/7.3.1/../../../../arm-none-eabi/lib/thumb/v7-m\libc_nano.a(lib_a-memset.o)
                0x000000000800321c                memset
 *(.glue_7)
 .glue_7        0x000000000800322c        0x0 linker stubs
 *(.glue_7t)
 .glue_7t       0x000000000800322c        0x0 linker stubs
 *(.eh_frame)
 .eh_frame      0x000000000800322c        0x0 c:/st/stm32cubeide_1.4.0/stm32cubeide/plugins/com.st.stm32cube.ide.mcu.externaltools.gnu-tools-for-stm32.7-2018-q2-update.win32_1.4.0.202007081208/tools/bin/../lib/gcc/arm-none-eabi/7.3.1/thumb/v7-m/crtbegin.o
 *(.init)
 .init          0x000000000800322c        0x4 c:/st/stm32cubeide_1.4.0/stm32cubeide/plugins/com.st.stm32cube.ide.mcu.externaltools.gnu-tools-for-stm32.7-2018-q2-update.win32_1.4.0.202007081208/tools/bin/../lib/gcc/arm-none-eabi/7.3.1/thumb/v7-m/crti.o
                0x000000000800322c                _init
 .init          0x0000000008003230        0x8 c:/st/stm32cubeide_1.4.0/stm32cubeide/plugins/com.st.stm32cube.ide.mcu.externaltools.gnu-tools-for-stm32.7-2018-q2-update.win32_1.4.0.202007081208/tools/bin/../lib/gcc/arm-none-eabi/7.3.1/thumb/v7-m/crtn.o
 *(.fini)
 .fini          0x0000000008003238        0x4 c:/st/stm32cubeide_1.4.0/stm32cubeide/plugins/com.st.stm32cube.ide.mcu.externaltools.gnu-tools-for-stm32.7-2018-q2-update.win32_1.4.0.202007081208/tools/bin/../lib/gcc/arm-none-eabi/7.3.1/thumb/v7-m/crti.o
                0x0000000008003238                _fini
 .fini          0x000000000800323c        0x8 c:/st/stm32cubeide_1.4.0/stm32cubeide/plugins/com.st.stm32cube.ide.mcu.externaltools.gnu-tools-for-stm32.7-2018-q2-update.win32_1.4.0.202007081208/tools/bin/../lib/gcc/arm-none-eabi/7.3.1/thumb/v7-m/crtn.o
                0x0000000008003244                . = ALIGN (0x4)
                0x0000000008003244                _etext = .

.vfp11_veneer   0x0000000008003244        0x0
 .vfp11_veneer  0x0000000008003244        0x0 linker stubs

.v4_bx          0x0000000008003244        0x0
 .v4_bx         0x0000000008003244        0x0 linker stubs

.iplt           0x0000000008003244        0x0
 .iplt          0x0000000008003244        0x0 c:/st/stm32cubeide_1.4.0/stm32cubeide/plugins/com.st.stm32cube.ide.mcu.externaltools.gnu-tools-for-stm32.7-2018-q2-update.win32_1.4.0.202007081208/tools/bin/../lib/gcc/arm-none-eabi/7.3.1/thumb/v7-m/crtbegin.o

.rodata         0x0000000008003244       0x78
                0x0000000008003244                . = ALIGN (0x4)
 *(.rodata)
 .rodata        0x0000000008003244        0xd Core/Src/main.o
 *fill*         0x0000000008003251        0x3 
 .rodata        0x0000000008003254       0x12 Drivers/STM32F1xx_HAL_Driver/Src/stm32f1xx_hal_rcc.o
 *(.rodata*)
 *fill*         0x0000000008003266        0x2 
 .rodata.AHBPrescTable
                0x0000000008003268       0x10 Core/Src/system_stm32f1xx.o
                0x0000000008003268                AHBPrescTable
 .rodata.u8g2_cb_r0
                0x0000000008003278        0x8 u8g2/csrc/u8g2_setup.o
                0x0000000008003278                u8g2_cb_r0
 .rodata.u8x8_d_st7920_init_seq
                0x0000000008003280       0x13 u8g2/csrc/u8x8_d_st7920.o
 *fill*         0x0000000008003293        0x1 
 .rodata.u8x8_d_st7920_powersave0_seq
                0x0000000008003294        0x7 u8g2/csrc/u8x8_d_st7920.o
 *fill*         0x000000000800329b        0x1 
 .rodata.u8x8_d_st7920_powersave1_seq
                0x000000000800329c        0x7 u8g2/csrc/u8x8_d_st7920.o
 *fill*         0x00000000080032a3        0x1 
 .rodata.u8x8_st7920_128x64_display_info
                0x00000000080032a4       0x18 u8g2/csrc/u8x8_d_st7920.o
                0x00000000080032bc                . = ALIGN (0x4)

.font.u8g2_font_ncenB14_tr
                0x00000000080032bc      0x84d
 .font.u8g2_font_ncenB14_tr
                0x00000000080032bc      0x84d u8g2/csrc/u8g2_fonts.o
                0x00000000080032bc                u8g2_font_ncenB14_tr

.rel.dyn        0x0000000008003b0c        0x0
 .rel.iplt      0x0000000008003b0c        0x0 c:/st/stm32cubeide_1.4.0/stm32cubeide/plugins/com.st.stm32cube.ide.mcu.externaltools.gnu-tools-for-stm32.7-2018-q2-update.win32_1.4.0.202007081208/tools/bin/../lib/gcc/arm-none-eabi/7.3.1/thumb/v7-m/crtbegin.o

.ARM.extab      0x0000000008003b09        0x3
                0x0000000008003b0c                . = ALIGN (0x4)
 *fill*         0x0000000008003b09        0x3 
 *(.ARM.extab* .gnu.linkonce.armextab.*)
                0x0000000008003b0c                . = ALIGN (0x4)

.ARM            0x0000000008003b0c        0x0
                0x0000000008003b0c                . = ALIGN (0x4)
                0x0000000008003b0c                __exidx_start = .
 *(.ARM.exidx*)
                0x0000000008003b0c                __exidx_end = .
                0x0000000008003b0c                . = ALIGN (0x4)

.preinit_array  0x0000000008003b0c        0x0
                0x0000000008003b0c                . = ALIGN (0x4)
                0x0000000008003b0c                PROVIDE (__preinit_array_start = .)
 *(.preinit_array*)
                0x0000000008003b0c                PROVIDE (__preinit_array_end = .)
                0x0000000008003b0c                . = ALIGN (0x4)

.init_array     0x0000000008003b0c        0x4
                0x0000000008003b0c                . = ALIGN (0x4)
                0x0000000008003b0c                PROVIDE (__init_array_start = .)
 *(SORT_BY_NAME(.init_array.*))
 *(.init_array*)
 .init_array    0x0000000008003b0c        0x4 c:/st/stm32cubeide_1.4.0/stm32cubeide/plugins/com.st.stm32cube.ide.mcu.externaltools.gnu-tools-for-stm32.7-2018-q2-update.win32_1.4.0.202007081208/tools/bin/../lib/gcc/arm-none-eabi/7.3.1/thumb/v7-m/crtbegin.o
                0x0000000008003b10                PROVIDE (__init_array_end = .)
                0x0000000008003b10                . = ALIGN (0x4)

.fini_array     0x0000000008003b10        0x4
                0x0000000008003b10                . = ALIGN (0x4)
                [!provide]                        PROVIDE (__fini_array_start = .)
 *(SORT_BY_NAME(.fini_array.*))
 *(.fini_array*)
 .fini_array    0x0000000008003b10        0x4 c:/st/stm32cubeide_1.4.0/stm32cubeide/plugins/com.st.stm32cube.ide.mcu.externaltools.gnu-tools-for-stm32.7-2018-q2-update.win32_1.4.0.202007081208/tools/bin/../lib/gcc/arm-none-eabi/7.3.1/thumb/v7-m/crtbegin.o
                [!provide]                        PROVIDE (__fini_array_end = .)
                0x0000000008003b14                . = ALIGN (0x4)
                0x0000000008003b14                _sidata = LOADADDR (.data)

.data           0x0000000020000000        0xc load address 0x0000000008003b14
                0x0000000020000000                . = ALIGN (0x4)
                0x0000000020000000                _sdata = .
 *(.data)
 *(.data*)
 .data.SystemCoreClock
                0x0000000020000000        0x4 Core/Src/system_stm32f1xx.o
                0x0000000020000000                SystemCoreClock
 .data.uwTickPrio
                0x0000000020000004        0x4 Drivers/STM32F1xx_HAL_Driver/Src/stm32f1xx_hal.o
                0x0000000020000004                uwTickPrio
 .data.uwTickFreq
                0x0000000020000008        0x1 Drivers/STM32F1xx_HAL_Driver/Src/stm32f1xx_hal.o
                0x0000000020000008                uwTickFreq
                0x000000002000000c                . = ALIGN (0x4)
 *fill*         0x0000000020000009        0x3 
                0x000000002000000c                _edata = .

.igot.plt       0x000000002000000c        0x0 load address 0x0000000008003b20
 .igot.plt      0x000000002000000c        0x0 c:/st/stm32cubeide_1.4.0/stm32cubeide/plugins/com.st.stm32cube.ide.mcu.externaltools.gnu-tools-for-stm32.7-2018-q2-update.win32_1.4.0.202007081208/tools/bin/../lib/gcc/arm-none-eabi/7.3.1/thumb/v7-m/crtbegin.o
                0x000000002000000c                . = ALIGN (0x4)

.bss            0x000000002000000c      0x4b0 load address 0x0000000008003b20
                0x000000002000000c                _sbss = .
                0x000000002000000c                __bss_start__ = _sbss
 *(.bss)
 .bss           0x000000002000000c       0x1c c:/st/stm32cubeide_1.4.0/stm32cubeide/plugins/com.st.stm32cube.ide.mcu.externaltools.gnu-tools-for-stm32.7-2018-q2-update.win32_1.4.0.202007081208/tools/bin/../lib/gcc/arm-none-eabi/7.3.1/thumb/v7-m/crtbegin.o
 *(.bss*)
 .bss.u8g2      0x0000000020000028       0x80 Core/Src/main.o
 .bss.buf.8402  0x00000000200000a8      0x400 u8g2/csrc/u8g2_d_memory.o
 .bss.buf.5099  0x00000000200004a8       0x10 u8g2/csrc/u8x8_cad.o
 *(COMMON)
 COMMON         0x00000000200004b8        0x4 Drivers/STM32F1xx_HAL_Driver/Src/stm32f1xx_hal.o
                0x00000000200004b8                uwTick
                0x00000000200004bc                . = ALIGN (0x4)
                0x00000000200004bc                _ebss = .
                0x00000000200004bc                __bss_end__ = _ebss

._user_heap_stack
                0x00000000200004bc      0x604 load address 0x0000000008003b20
                0x00000000200004c0                . = ALIGN (0x8)
 *fill*         0x00000000200004bc        0x4 
                [!provide]                        PROVIDE (end = .)
                0x00000000200004c0                PROVIDE (_end = .)
                0x00000000200006c0                . = (. + _Min_Heap_Size)
 *fill*         0x00000000200004c0      0x200 
                0x0000000020000ac0                . = (. + _Min_Stack_Size)
 *fill*         0x00000000200006c0      0x400 
                0x0000000020000ac0                . = ALIGN (0x8)

/DISCARD/
 libc.a(*)
 libm.a(*)
 libgcc.a(*)

.ARM.attributes
                0x0000000000000000       0x29
 *(.ARM.attributes)
 .ARM.attributes
                0x0000000000000000       0x1d c:/st/stm32cubeide_1.4.0/stm32cubeide/plugins/com.st.stm32cube.ide.mcu.externaltools.gnu-tools-for-stm32.7-2018-q2-update.win32_1.4.0.202007081208/tools/bin/../lib/gcc/arm-none-eabi/7.3.1/thumb/v7-m/crti.o
 .ARM.attributes
                0x000000000000001d       0x2d c:/st/stm32cubeide_1.4.0/stm32cubeide/plugins/com.st.stm32cube.ide.mcu.externaltools.gnu-tools-for-stm32.7-2018-q2-update.win32_1.4.0.202007081208/tools/bin/../lib/gcc/arm-none-eabi/7.3.1/thumb/v7-m/crtbegin.o
 .ARM.attributes
                0x000000000000004a       0x33 Core/Src/main.o
 .ARM.attributes
                0x000000000000007d       0x33 Core/Src/stm32f1xx_hal_msp.o
 .ARM.attributes
                0x00000000000000b0       0x33 Core/Src/stm32f1xx_it.o
 .ARM.attributes
                0x00000000000000e3       0x33 Core/Src/system_stm32f1xx.o
 .ARM.attributes
                0x0000000000000116       0x21 Core/Startup/startup_stm32f103c8tx.o
 .ARM.attributes
                0x0000000000000137       0x33 Drivers/STM32F1xx_HAL_Driver/Src/stm32f1xx_hal.o
 .ARM.attributes
                0x000000000000016a       0x33 Drivers/STM32F1xx_HAL_Driver/Src/stm32f1xx_hal_cortex.o
 .ARM.attributes
                0x000000000000019d       0x33 Drivers/STM32F1xx_HAL_Driver/Src/stm32f1xx_hal_gpio.o
 .ARM.attributes
                0x00000000000001d0       0x33 Drivers/STM32F1xx_HAL_Driver/Src/stm32f1xx_hal_rcc.o
 .ARM.attributes
                0x0000000000000203       0x33 u8g2/csrc/u8g2_box.o
 .ARM.attributes
                0x0000000000000236       0x33 u8g2/csrc/u8g2_buffer.o
 .ARM.attributes
                0x0000000000000269       0x33 u8g2/csrc/u8g2_circle.o
 .ARM.attributes
                0x000000000000029c       0x33 u8g2/csrc/u8g2_d_memory.o
 .ARM.attributes
                0x00000000000002cf       0x33 u8g2/csrc/u8g2_d_setup.o
 .ARM.attributes
                0x0000000000000302       0x33 u8g2/csrc/u8g2_font.o
 .ARM.attributes
                0x0000000000000335       0x33 u8g2/csrc/u8g2_fonts.o
 .ARM.attributes
                0x0000000000000368       0x33 u8g2/csrc/u8g2_hvline.o
 .ARM.attributes
                0x000000000000039b       0x33 u8g2/csrc/u8g2_intersection.o
 .ARM.attributes
                0x00000000000003ce       0x33 u8g2/csrc/u8g2_ll_hvline.o
 .ARM.attributes
                0x0000000000000401       0x33 u8g2/csrc/u8g2_setup.o
 .ARM.attributes
                0x0000000000000434       0x33 u8g2/csrc/u8x8_8x8.o
 .ARM.attributes
                0x0000000000000467       0x33 u8g2/csrc/u8x8_byte.o
 .ARM.attributes
                0x000000000000049a       0x33 u8g2/csrc/u8x8_cad.o
 .ARM.attributes
                0x00000000000004cd       0x33 u8g2/csrc/u8x8_d_st7920.o
 .ARM.attributes
                0x0000000000000500       0x33 u8g2/csrc/u8x8_display.o
 .ARM.attributes
                0x0000000000000533       0x33 u8g2/csrc/u8x8_gpio.o
 .ARM.attributes
                0x0000000000000566       0x33 u8g2/csrc/u8x8_setup.o
 .ARM.attributes
                0x0000000000000599       0x2d c:/st/stm32cubeide_1.4.0/stm32cubeide/plugins/com.st.stm32cube.ide.mcu.externaltools.gnu-tools-for-stm32.7-2018-q2-update.win32_1.4.0.202007081208/tools/bin/../lib/gcc/arm-none-eabi/7.3.1/../../../../arm-none-eabi/lib/thumb/v7-m\libc_nano.a(lib_a-init.o)
 .ARM.attributes
                0x00000000000005c6       0x2d c:/st/stm32cubeide_1.4.0/stm32cubeide/plugins/com.st.stm32cube.ide.mcu.externaltools.gnu-tools-for-stm32.7-2018-q2-update.win32_1.4.0.202007081208/tools/bin/../lib/gcc/arm-none-eabi/7.3.1/../../../../arm-none-eabi/lib/thumb/v7-m\libc_nano.a(lib_a-memset.o)
 .ARM.attributes
                0x00000000000005f3       0x1d c:/st/stm32cubeide_1.4.0/stm32cubeide/plugins/com.st.stm32cube.ide.mcu.externaltools.gnu-tools-for-stm32.7-2018-q2-update.win32_1.4.0.202007081208/tools/bin/../lib/gcc/arm-none-eabi/7.3.1/thumb/v7-m/crtn.o
OUTPUT(stm32f103c8tx_HAL_st7920_u8g2.elf elf32-littlearm)

.debug_info     0x0000000000000000    0x3b200
 .debug_info    0x0000000000000000     0x41b1 Core/Src/main.o
 .debug_info    0x00000000000041b1      0x2d6 Core/Src/stm32f1xx_hal_msp.o
 .debug_info    0x0000000000004487      0x20a Core/Src/stm32f1xx_it.o
 .debug_info    0x0000000000004691      0x29a Core/Src/system_stm32f1xx.o
 .debug_info    0x000000000000492b       0x22 Core/Startup/startup_stm32f103c8tx.o
 .debug_info    0x000000000000494d      0x714 Drivers/STM32F1xx_HAL_Driver/Src/stm32f1xx_hal.o
 .debug_info    0x0000000000005061      0xb51 Drivers/STM32F1xx_HAL_Driver/Src/stm32f1xx_hal_cortex.o
 .debug_info    0x0000000000005bb2      0x69b Drivers/STM32F1xx_HAL_Driver/Src/stm32f1xx_hal_gpio.o
 .debug_info    0x000000000000624d      0x80f Drivers/STM32F1xx_HAL_Driver/Src/stm32f1xx_hal_rcc.o
 .debug_info    0x0000000000006a5c     0x3e39 u8g2/csrc/u8g2_box.o
 .debug_info    0x000000000000a895     0x45c6 u8g2/csrc/u8g2_buffer.o
 .debug_info    0x000000000000ee5b     0x425a u8g2/csrc/u8g2_circle.o
 .debug_info    0x00000000000130b5     0x3ce1 u8g2/csrc/u8g2_d_memory.o
 .debug_info    0x0000000000016d96     0x3fbf u8g2/csrc/u8g2_d_setup.o
 .debug_info    0x000000000001ad55     0x4aba u8g2/csrc/u8g2_font.o
 .debug_info    0x000000000001f80f     0x7a4a u8g2/csrc/u8g2_fonts.o
 .debug_info    0x0000000000027259     0x3e96 u8g2/csrc/u8g2_hvline.o
 .debug_info    0x000000000002b0ef     0x3caf u8g2/csrc/u8g2_intersection.o
 .debug_info    0x000000000002ed9e     0x3d4f u8g2/csrc/u8g2_ll_hvline.o
 .debug_info    0x0000000000032aed     0x47c4 u8g2/csrc/u8g2_setup.o
 .debug_info    0x00000000000372b1      0xac3 u8g2/csrc/u8x8_8x8.o
 .debug_info    0x0000000000037d74      0xc3c u8g2/csrc/u8x8_byte.o
 .debug_info    0x00000000000389b0      0xb97 u8g2/csrc/u8x8_cad.o
 .debug_info    0x0000000000039547      0x7a3 u8g2/csrc/u8x8_d_st7920.o
 .debug_info    0x0000000000039cea      0x8c0 u8g2/csrc/u8x8_display.o
 .debug_info    0x000000000003a5aa      0x5e2 u8g2/csrc/u8x8_gpio.o
 .debug_info    0x000000000003ab8c      0x674 u8g2/csrc/u8x8_setup.o

.debug_abbrev   0x0000000000000000     0x2a3c
 .debug_abbrev  0x0000000000000000      0x28a Core/Src/main.o
 .debug_abbrev  0x000000000000028a      0x109 Core/Src/stm32f1xx_hal_msp.o
 .debug_abbrev  0x0000000000000393       0xc6 Core/Src/stm32f1xx_it.o
 .debug_abbrev  0x0000000000000459      0x134 Core/Src/system_stm32f1xx.o
 .debug_abbrev  0x000000000000058d       0x12 Core/Startup/startup_stm32f103c8tx.o
 .debug_abbrev  0x000000000000059f      0x1c7 Drivers/STM32F1xx_HAL_Driver/Src/stm32f1xx_hal.o
 .debug_abbrev  0x0000000000000766      0x2d5 Drivers/STM32F1xx_HAL_Driver/Src/stm32f1xx_hal_cortex.o
 .debug_abbrev  0x0000000000000a3b      0x1c0 Drivers/STM32F1xx_HAL_Driver/Src/stm32f1xx_hal_gpio.o
 .debug_abbrev  0x0000000000000bfb      0x243 Drivers/STM32F1xx_HAL_Driver/Src/stm32f1xx_hal_rcc.o
 .debug_abbrev  0x0000000000000e3e      0x174 u8g2/csrc/u8g2_box.o
 .debug_abbrev  0x0000000000000fb2      0x1f2 u8g2/csrc/u8g2_buffer.o
 .debug_abbrev  0x00000000000011a4      0x1e4 u8g2/csrc/u8g2_circle.o
 .debug_abbrev  0x0000000000001388      0x145 u8g2/csrc/u8g2_d_memory.o
 .debug_abbrev  0x00000000000014cd      0x151 u8g2/csrc/u8g2_d_setup.o
 .debug_abbrev  0x000000000000161e      0x29a u8g2/csrc/u8g2_font.o
 .debug_abbrev  0x00000000000018b8      0x115 u8g2/csrc/u8g2_fonts.o
 .debug_abbrev  0x00000000000019cd      0x194 u8g2/csrc/u8g2_hvline.o
 .debug_abbrev  0x0000000000001b61      0x146 u8g2/csrc/u8g2_intersection.o
 .debug_abbrev  0x0000000000001ca7      0x160 u8g2/csrc/u8g2_ll_hvline.o
 .debug_abbrev  0x0000000000001e07      0x21b u8g2/csrc/u8g2_setup.o
 .debug_abbrev  0x0000000000002022      0x1e6 u8g2/csrc/u8x8_8x8.o
 .debug_abbrev  0x0000000000002208      0x1ba u8g2/csrc/u8x8_byte.o
 .debug_abbrev  0x00000000000023c2      0x1b4 u8g2/csrc/u8x8_cad.o
 .debug_abbrev  0x0000000000002576      0x148 u8g2/csrc/u8x8_d_st7920.o
 .debug_abbrev  0x00000000000026be      0x160 u8g2/csrc/u8x8_display.o
 .debug_abbrev  0x000000000000281e       0xf4 u8g2/csrc/u8x8_gpio.o
 .debug_abbrev  0x0000000000002912      0x12a u8g2/csrc/u8x8_setup.o

.debug_aranges  0x0000000000000000      0xba0
 .debug_aranges
                0x0000000000000000       0x90 Core/Src/main.o
 .debug_aranges
                0x0000000000000090       0x20 Core/Src/stm32f1xx_hal_msp.o
 .debug_aranges
                0x00000000000000b0       0x60 Core/Src/stm32f1xx_it.o
 .debug_aranges
                0x0000000000000110       0x28 Core/Src/system_stm32f1xx.o
 .debug_aranges
                0x0000000000000138       0x28 Core/Startup/startup_stm32f103c8tx.o
 .debug_aranges
                0x0000000000000160       0xe0 Drivers/STM32F1xx_HAL_Driver/Src/stm32f1xx_hal.o
 .debug_aranges
                0x0000000000000240      0x100 Drivers/STM32F1xx_HAL_Driver/Src/stm32f1xx_hal_cortex.o
 .debug_aranges
                0x0000000000000340       0x58 Drivers/STM32F1xx_HAL_Driver/Src/stm32f1xx_hal_gpio.o
 .debug_aranges
                0x0000000000000398       0x90 Drivers/STM32F1xx_HAL_Driver/Src/stm32f1xx_hal_rcc.o
 .debug_aranges
                0x0000000000000428       0x38 u8g2/csrc/u8g2_box.o
 .debug_aranges
                0x0000000000000460       0x50 u8g2/csrc/u8g2_buffer.o
 .debug_aranges
                0x00000000000004b0       0x78 u8g2/csrc/u8g2_circle.o
 .debug_aranges
                0x0000000000000528       0x30 u8g2/csrc/u8g2_d_memory.o
 .debug_aranges
                0x0000000000000558       0x60 u8g2/csrc/u8g2_d_setup.o
 .debug_aranges
                0x00000000000005b8      0x198 u8g2/csrc/u8g2_font.o
 .debug_aranges
                0x0000000000000750       0x18 u8g2/csrc/u8g2_fonts.o
 .debug_aranges
                0x0000000000000768       0x58 u8g2/csrc/u8g2_hvline.o
 .debug_aranges
                0x00000000000007c0       0x28 u8g2/csrc/u8g2_intersection.o
 .debug_aranges
                0x00000000000007e8       0x28 u8g2/csrc/u8g2_ll_hvline.o
 .debug_aranges
                0x0000000000000810       0x78 u8g2/csrc/u8g2_setup.o
 .debug_aranges
                0x0000000000000888       0x98 u8g2/csrc/u8x8_8x8.o
 .debug_aranges
                0x0000000000000920       0xd8 u8g2/csrc/u8x8_byte.o
 .debug_aranges
                0x00000000000009f8       0xa8 u8g2/csrc/u8x8_cad.o
 .debug_aranges
                0x0000000000000aa0       0x30 u8g2/csrc/u8x8_d_st7920.o
 .debug_aranges
                0x0000000000000ad0       0x80 u8g2/csrc/u8x8_display.o
 .debug_aranges
                0x0000000000000b50       0x20 u8g2/csrc/u8x8_gpio.o
 .debug_aranges
                0x0000000000000b70       0x30 u8g2/csrc/u8x8_setup.o

.debug_ranges   0x0000000000000000      0xa08
 .debug_ranges  0x0000000000000000       0x80 Core/Src/main.o
 .debug_ranges  0x0000000000000080       0x10 Core/Src/stm32f1xx_hal_msp.o
 .debug_ranges  0x0000000000000090       0x50 Core/Src/stm32f1xx_it.o
 .debug_ranges  0x00000000000000e0       0x18 Core/Src/system_stm32f1xx.o
 .debug_ranges  0x00000000000000f8       0x20 Core/Startup/startup_stm32f103c8tx.o
 .debug_ranges  0x0000000000000118       0xd0 Drivers/STM32F1xx_HAL_Driver/Src/stm32f1xx_hal.o
 .debug_ranges  0x00000000000001e8       0xf0 Drivers/STM32F1xx_HAL_Driver/Src/stm32f1xx_hal_cortex.o
 .debug_ranges  0x00000000000002d8       0x48 Drivers/STM32F1xx_HAL_Driver/Src/stm32f1xx_hal_gpio.o
 .debug_ranges  0x0000000000000320       0x80 Drivers/STM32F1xx_HAL_Driver/Src/stm32f1xx_hal_rcc.o
 .debug_ranges  0x00000000000003a0       0x28 u8g2/csrc/u8g2_box.o
 .debug_ranges  0x00000000000003c8       0x40 u8g2/csrc/u8g2_buffer.o
 .debug_ranges  0x0000000000000408       0x68 u8g2/csrc/u8g2_circle.o
 .debug_ranges  0x0000000000000470       0x20 u8g2/csrc/u8g2_d_memory.o
 .debug_ranges  0x0000000000000490       0x50 u8g2/csrc/u8g2_d_setup.o
 .debug_ranges  0x00000000000004e0      0x1a0 u8g2/csrc/u8g2_font.o
 .debug_ranges  0x0000000000000680       0x48 u8g2/csrc/u8g2_hvline.o
 .debug_ranges  0x00000000000006c8       0x18 u8g2/csrc/u8g2_intersection.o
 .debug_ranges  0x00000000000006e0       0x18 u8g2/csrc/u8g2_ll_hvline.o
 .debug_ranges  0x00000000000006f8       0x68 u8g2/csrc/u8g2_setup.o
 .debug_ranges  0x0000000000000760       0x88 u8g2/csrc/u8x8_8x8.o
 .debug_ranges  0x00000000000007e8       0xc8 u8g2/csrc/u8x8_byte.o
 .debug_ranges  0x00000000000008b0       0x98 u8g2/csrc/u8x8_cad.o
 .debug_ranges  0x0000000000000948       0x20 u8g2/csrc/u8x8_d_st7920.o
 .debug_ranges  0x0000000000000968       0x70 u8g2/csrc/u8x8_display.o
 .debug_ranges  0x00000000000009d8       0x10 u8g2/csrc/u8x8_gpio.o
 .debug_ranges  0x00000000000009e8       0x20 u8g2/csrc/u8x8_setup.o

.debug_macro    0x0000000000000000    0x16e81
 .debug_macro   0x0000000000000000      0x209 Core/Src/main.o
 .debug_macro   0x0000000000000209      0xa5a Core/Src/main.o
 .debug_macro   0x0000000000000c63      0x20f Core/Src/main.o
 .debug_macro   0x0000000000000e72       0x2e Core/Src/main.o
 .debug_macro   0x0000000000000ea0       0x22 Core/Src/main.o
 .debug_macro   0x0000000000000ec2       0x22 Core/Src/main.o
 .debug_macro   0x0000000000000ee4       0x8e Core/Src/main.o
 .debug_macro   0x0000000000000f72       0x51 Core/Src/main.o
 .debug_macro   0x0000000000000fc3       0xef Core/Src/main.o
 .debug_macro   0x00000000000010b2       0x6a Core/Src/main.o
 .debug_macro   0x000000000000111c      0x1df Core/Src/main.o
 .debug_macro   0x00000000000012fb       0x1c Core/Src/main.o
 .debug_macro   0x0000000000001317       0x22 Core/Src/main.o
 .debug_macro   0x0000000000001339       0xc3 Core/Src/main.o
 .debug_macro   0x00000000000013fc      0xd23 Core/Src/main.o
 .debug_macro   0x000000000000211f     0xe09e Core/Src/main.o
 .debug_macro   0x00000000000101bd       0x6d Core/Src/main.o
 .debug_macro   0x000000000001022a     0x3468 Core/Src/main.o
 .debug_macro   0x0000000000013692      0x174 Core/Src/main.o
 .debug_macro   0x0000000000013806       0x5c Core/Src/main.o
 .debug_macro   0x0000000000013862      0x5be Core/Src/main.o
 .debug_macro   0x0000000000013e20      0x289 Core/Src/main.o
 .debug_macro   0x00000000000140a9      0x1cb Core/Src/main.o
 .debug_macro   0x0000000000014274      0x114 Core/Src/main.o
 .debug_macro   0x0000000000014388      0x1b2 Core/Src/main.o
 .debug_macro   0x000000000001453a       0x27 Core/Src/main.o
 .debug_macro   0x0000000000014561      0x136 Core/Src/main.o
 .debug_macro   0x0000000000014697      0x1bc Core/Src/main.o
 .debug_macro   0x0000000000014853       0x34 Core/Src/main.o
 .debug_macro   0x0000000000014887       0x3c Core/Src/main.o
 .debug_macro   0x00000000000148c3       0x57 Core/Src/main.o
 .debug_macro   0x000000000001491a       0x88 Core/Src/main.o
 .debug_macro   0x00000000000149a2      0x241 Core/Src/main.o
 .debug_macro   0x0000000000014be3      0x141 Core/Src/main.o
 .debug_macro   0x0000000000014d24       0x83 Core/Src/main.o
 .debug_macro   0x0000000000014da7       0x10 Core/Src/main.o
 .debug_macro   0x0000000000014db7      0x322 Core/Src/main.o
 .debug_macro   0x00000000000150d9      0x682 Core/Src/main.o
 .debug_macro   0x000000000001575b      0x18e Core/Src/stm32f1xx_hal_msp.o
 .debug_macro   0x00000000000158e9      0x198 Core/Src/stm32f1xx_it.o
 .debug_macro   0x0000000000015a81      0x184 Core/Src/system_stm32f1xx.o
 .debug_macro   0x0000000000015c05      0x1a8 Drivers/STM32F1xx_HAL_Driver/Src/stm32f1xx_hal.o
 .debug_macro   0x0000000000015dad      0x184 Drivers/STM32F1xx_HAL_Driver/Src/stm32f1xx_hal_cortex.o
 .debug_macro   0x0000000000015f31      0x1ef Drivers/STM32F1xx_HAL_Driver/Src/stm32f1xx_hal_gpio.o
 .debug_macro   0x0000000000016120      0x196 Drivers/STM32F1xx_HAL_Driver/Src/stm32f1xx_hal_rcc.o
 .debug_macro   0x00000000000162b6       0x89 u8g2/csrc/u8g2_box.o
 .debug_macro   0x000000000001633f      0x14a u8g2/csrc/u8g2_buffer.o
 .debug_macro   0x0000000000016489       0x46 u8g2/csrc/u8g2_buffer.o
 .debug_macro   0x00000000000164cf       0x10 u8g2/csrc/u8g2_buffer.o
 .debug_macro   0x00000000000164df       0x20 u8g2/csrc/u8g2_buffer.o
 .debug_macro   0x00000000000164ff       0x89 u8g2/csrc/u8g2_circle.o
 .debug_macro   0x0000000000016588       0x89 u8g2/csrc/u8g2_d_memory.o
 .debug_macro   0x0000000000016611       0x89 u8g2/csrc/u8g2_d_setup.o
 .debug_macro   0x000000000001669a       0x8f u8g2/csrc/u8g2_font.o
 .debug_macro   0x0000000000016729       0x89 u8g2/csrc/u8g2_fonts.o
 .debug_macro   0x00000000000167b2       0xc2 u8g2/csrc/u8g2_hvline.o
 .debug_macro   0x0000000000016874       0x1c u8g2/csrc/u8g2_hvline.o
 .debug_macro   0x0000000000016890       0x8f u8g2/csrc/u8g2_intersection.o
 .debug_macro   0x000000000001691f       0xc2 u8g2/csrc/u8g2_ll_hvline.o
 .debug_macro   0x00000000000169e1      0x14a u8g2/csrc/u8g2_setup.o
 .debug_macro   0x0000000000016b2b       0x7a u8g2/csrc/u8x8_8x8.o
 .debug_macro   0x0000000000016ba5       0x7a u8g2/csrc/u8x8_byte.o
 .debug_macro   0x0000000000016c1f       0x7a u8g2/csrc/u8x8_cad.o
 .debug_macro   0x0000000000016c99       0x7a u8g2/csrc/u8x8_d_st7920.o
 .debug_macro   0x0000000000016d13       0x7a u8g2/csrc/u8x8_display.o
 .debug_macro   0x0000000000016d8d       0x7a u8g2/csrc/u8x8_gpio.o
 .debug_macro   0x0000000000016e07       0x7a u8g2/csrc/u8x8_setup.o

.debug_line     0x0000000000000000     0x9830
 .debug_line    0x0000000000000000      0x832 Core/Src/main.o
 .debug_line    0x0000000000000832      0x62f Core/Src/stm32f1xx_hal_msp.o
 .debug_line    0x0000000000000e61      0x6d2 Core/Src/stm32f1xx_it.o
 .debug_line    0x0000000000001533      0x656 Core/Src/system_stm32f1xx.o
 .debug_line    0x0000000000001b89       0x87 Core/Startup/startup_stm32f103c8tx.o
 .debug_line    0x0000000000001c10      0x809 Drivers/STM32F1xx_HAL_Driver/Src/stm32f1xx_hal.o
 .debug_line    0x0000000000002419      0x8e0 Drivers/STM32F1xx_HAL_Driver/Src/stm32f1xx_hal_cortex.o
 .debug_line    0x0000000000002cf9      0x805 Drivers/STM32F1xx_HAL_Driver/Src/stm32f1xx_hal_gpio.o
 .debug_line    0x00000000000034fe      0x8c9 Drivers/STM32F1xx_HAL_Driver/Src/stm32f1xx_hal_rcc.o
 .debug_line    0x0000000000003dc7      0x440 u8g2/csrc/u8g2_box.o
 .debug_line    0x0000000000004207      0x59e u8g2/csrc/u8g2_buffer.o
 .debug_line    0x00000000000047a5      0x54d u8g2/csrc/u8g2_circle.o
 .debug_line    0x0000000000004cf2      0x3d0 u8g2/csrc/u8g2_d_memory.o
 .debug_line    0x00000000000050c2      0x446 u8g2/csrc/u8g2_d_setup.o
 .debug_line    0x0000000000005508      0x8b0 u8g2/csrc/u8g2_font.o
 .debug_line    0x0000000000005db8      0x399 u8g2/csrc/u8g2_fonts.o
 .debug_line    0x0000000000006151      0x56e u8g2/csrc/u8g2_hvline.o
 .debug_line    0x00000000000066bf      0x3d0 u8g2/csrc/u8g2_intersection.o
 .debug_line    0x0000000000006a8f      0x515 u8g2/csrc/u8g2_ll_hvline.o
 .debug_line    0x0000000000006fa4      0x613 u8g2/csrc/u8g2_setup.o
 .debug_line    0x00000000000075b7      0x590 u8g2/csrc/u8x8_8x8.o
 .debug_line    0x0000000000007b47      0x6d9 u8g2/csrc/u8x8_byte.o
 .debug_line    0x0000000000008220      0x5ea u8g2/csrc/u8x8_cad.o
 .debug_line    0x000000000000880a      0x413 u8g2/csrc/u8x8_d_st7920.o
 .debug_line    0x0000000000008c1d      0x4a1 u8g2/csrc/u8x8_display.o
 .debug_line    0x00000000000090be      0x39f u8g2/csrc/u8x8_gpio.o
 .debug_line    0x000000000000945d      0x3d3 u8g2/csrc/u8x8_setup.o

.debug_str      0x0000000000000000    0x88f32
 .debug_str     0x0000000000000000    0x83c9f Core/Src/main.o
                                      0x84f75 (size before relaxing)
 .debug_str     0x0000000000083c9f       0x5a Core/Src/stm32f1xx_hal_msp.o
                                      0x7ab97 (size before relaxing)
 .debug_str     0x0000000000083cf9       0xbd Core/Src/stm32f1xx_it.o
                                      0x7abb4 (size before relaxing)
 .debug_str     0x0000000000083db6       0x52 Core/Src/system_stm32f1xx.o
                                      0x7ab84 (size before relaxing)
 .debug_str     0x0000000000083e08       0x36 Core/Startup/startup_stm32f103c8tx.o
                                         0x61 (size before relaxing)
 .debug_str     0x0000000000083e3e      0x568 Drivers/STM32F1xx_HAL_Driver/Src/stm32f1xx_hal.o
                                      0x7b215 (size before relaxing)
 .debug_str     0x00000000000843a6      0x300 Drivers/STM32F1xx_HAL_Driver/Src/stm32f1xx_hal_cortex.o
                                      0x7b21d (size before relaxing)
 .debug_str     0x00000000000846a6      0x324 Drivers/STM32F1xx_HAL_Driver/Src/stm32f1xx_hal_gpio.o
                                      0x7af48 (size before relaxing)
 .debug_str     0x00000000000849ca      0x24f Drivers/STM32F1xx_HAL_Driver/Src/stm32f1xx_hal_rcc.o
                                      0x7af81 (size before relaxing)
 .debug_str     0x0000000000084c19       0x57 u8g2/csrc/u8g2_box.o
                                       0xddcb (size before relaxing)
 .debug_str     0x0000000000084c70     0x2feb u8g2/csrc/u8g2_buffer.o
                                      0x10e09 (size before relaxing)
 .debug_str     0x0000000000087c5b      0x16d u8g2/csrc/u8g2_circle.o
                                       0xdee9 (size before relaxing)
 .debug_str     0x0000000000087dc8       0x50 u8g2/csrc/u8g2_d_memory.o
                                       0xddbf (size before relaxing)
 .debug_str     0x0000000000087e18      0x124 u8g2/csrc/u8g2_d_setup.o
                                       0xde98 (size before relaxing)
 .debug_str     0x0000000000087f3c      0x52a u8g2/csrc/u8g2_font.o
                                       0xe2dd (size before relaxing)
 .debug_str     0x0000000000088466       0x1a u8g2/csrc/u8g2_fonts.o
                                       0xdd89 (size before relaxing)
 .debug_str     0x0000000000088480      0x13b u8g2/csrc/u8g2_hvline.o
                                       0xe173 (size before relaxing)
 .debug_str     0x00000000000885bb       0x95 u8g2/csrc/u8g2_intersection.o
                                       0xde09 (size before relaxing)
 .debug_str     0x0000000000088650       0x6b u8g2/csrc/u8g2_ll_hvline.o
                                       0xe145 (size before relaxing)
 .debug_str     0x00000000000886bb      0x129 u8g2/csrc/u8g2_setup.o
                                      0x10e5d (size before relaxing)
 .debug_str     0x00000000000887e4      0x141 u8g2/csrc/u8x8_8x8.o
                                       0x5b62 (size before relaxing)
 .debug_str     0x0000000000088925      0x1dd u8g2/csrc/u8x8_byte.o
                                       0x5c1a (size before relaxing)
 .debug_str     0x0000000000088b02      0x17b u8g2/csrc/u8x8_cad.o
                                       0x5ba5 (size before relaxing)
 .debug_str     0x0000000000088c7d      0x11f u8g2/csrc/u8x8_d_st7920.o
                                       0x5b44 (size before relaxing)
 .debug_str     0x0000000000088d9c      0x128 u8g2/csrc/u8x8_display.o
                                       0x5b84 (size before relaxing)
 .debug_str     0x0000000000088ec4       0x28 u8g2/csrc/u8x8_gpio.o
                                       0x5a3d (size before relaxing)
 .debug_str     0x0000000000088eec       0x46 u8g2/csrc/u8x8_setup.o
                                       0x5a6b (size before relaxing)

.comment        0x0000000000000000       0x7b
 .comment       0x0000000000000000       0x7b Core/Src/main.o
                                         0x7c (size before relaxing)
 .comment       0x000000000000007b       0x7c Core/Src/stm32f1xx_hal_msp.o
 .comment       0x000000000000007b       0x7c Core/Src/stm32f1xx_it.o
 .comment       0x000000000000007b       0x7c Core/Src/system_stm32f1xx.o
 .comment       0x000000000000007b       0x7c Drivers/STM32F1xx_HAL_Driver/Src/stm32f1xx_hal.o
 .comment       0x000000000000007b       0x7c Drivers/STM32F1xx_HAL_Driver/Src/stm32f1xx_hal_cortex.o
 .comment       0x000000000000007b       0x7c Drivers/STM32F1xx_HAL_Driver/Src/stm32f1xx_hal_gpio.o
 .comment       0x000000000000007b       0x7c Drivers/STM32F1xx_HAL_Driver/Src/stm32f1xx_hal_rcc.o
 .comment       0x000000000000007b       0x7c u8g2/csrc/u8g2_box.o
 .comment       0x000000000000007b       0x7c u8g2/csrc/u8g2_buffer.o
 .comment       0x000000000000007b       0x7c u8g2/csrc/u8g2_circle.o
 .comment       0x000000000000007b       0x7c u8g2/csrc/u8g2_d_memory.o
 .comment       0x000000000000007b       0x7c u8g2/csrc/u8g2_d_setup.o
 .comment       0x000000000000007b       0x7c u8g2/csrc/u8g2_font.o
 .comment       0x000000000000007b       0x7c u8g2/csrc/u8g2_fonts.o
 .comment       0x000000000000007b       0x7c u8g2/csrc/u8g2_hvline.o
 .comment       0x000000000000007b       0x7c u8g2/csrc/u8g2_intersection.o
 .comment       0x000000000000007b       0x7c u8g2/csrc/u8g2_ll_hvline.o
 .comment       0x000000000000007b       0x7c u8g2/csrc/u8g2_setup.o
 .comment       0x000000000000007b       0x7c u8g2/csrc/u8x8_8x8.o
 .comment       0x000000000000007b       0x7c u8g2/csrc/u8x8_byte.o
 .comment       0x000000000000007b       0x7c u8g2/csrc/u8x8_cad.o
 .comment       0x000000000000007b       0x7c u8g2/csrc/u8x8_d_st7920.o
 .comment       0x000000000000007b       0x7c u8g2/csrc/u8x8_display.o
 .comment       0x000000000000007b       0x7c u8g2/csrc/u8x8_gpio.o
 .comment       0x000000000000007b       0x7c u8g2/csrc/u8x8_setup.o

.debug_frame    0x0000000000000000     0x2b4c
 .debug_frame   0x0000000000000000      0x200 Core/Src/main.o
 .debug_frame   0x0000000000000200       0x38 Core/Src/stm32f1xx_hal_msp.o
 .debug_frame   0x0000000000000238      0x10c Core/Src/stm32f1xx_it.o
 .debug_frame   0x0000000000000344       0x58 Core/Src/system_stm32f1xx.o
 .debug_frame   0x000000000000039c      0x334 Drivers/STM32F1xx_HAL_Driver/Src/stm32f1xx_hal.o
 .debug_frame   0x00000000000006d0      0x428 Drivers/STM32F1xx_HAL_Driver/Src/stm32f1xx_hal_cortex.o
 .debug_frame   0x0000000000000af8      0x14c Drivers/STM32F1xx_HAL_Driver/Src/stm32f1xx_hal_gpio.o
 .debug_frame   0x0000000000000c44      0x21c Drivers/STM32F1xx_HAL_Driver/Src/stm32f1xx_hal_rcc.o
 .debug_frame   0x0000000000000e60       0xac u8g2/csrc/u8g2_box.o
 .debug_frame   0x0000000000000f0c      0x10c u8g2/csrc/u8g2_buffer.o
 .debug_frame   0x0000000000001018      0x1e0 u8g2/csrc/u8g2_circle.o
 .debug_frame   0x00000000000011f8       0x88 u8g2/csrc/u8g2_d_memory.o
 .debug_frame   0x0000000000001280      0x154 u8g2/csrc/u8g2_d_setup.o
 .debug_frame   0x00000000000013d4      0x738 u8g2/csrc/u8g2_font.o
 .debug_frame   0x0000000000001b0c      0x148 u8g2/csrc/u8g2_hvline.o
 .debug_frame   0x0000000000001c54       0x5c u8g2/csrc/u8g2_intersection.o
 .debug_frame   0x0000000000001cb0       0x60 u8g2/csrc/u8g2_ll_hvline.o
 .debug_frame   0x0000000000001d10      0x1c4 u8g2/csrc/u8g2_setup.o
 .debug_frame   0x0000000000001ed4      0x270 u8g2/csrc/u8x8_8x8.o
 .debug_frame   0x0000000000002144      0x394 u8g2/csrc/u8x8_byte.o
 .debug_frame   0x00000000000024d8      0x2e0 u8g2/csrc/u8x8_cad.o
 .debug_frame   0x00000000000027b8       0x7c u8g2/csrc/u8x8_d_st7920.o
 .debug_frame   0x0000000000002834      0x210 u8g2/csrc/u8x8_display.o
 .debug_frame   0x0000000000002a44       0x38 u8g2/csrc/u8x8_gpio.o
 .debug_frame   0x0000000000002a7c       0x84 u8g2/csrc/u8x8_setup.o
 .debug_frame   0x0000000000002b00       0x2c c:/st/stm32cubeide_1.4.0/stm32cubeide/plugins/com.st.stm32cube.ide.mcu.externaltools.gnu-tools-for-stm32.7-2018-q2-update.win32_1.4.0.202007081208/tools/bin/../lib/gcc/arm-none-eabi/7.3.1/../../../../arm-none-eabi/lib/thumb/v7-m\libc_nano.a(lib_a-init.o)
 .debug_frame   0x0000000000002b2c       0x20 c:/st/stm32cubeide_1.4.0/stm32cubeide/plugins/com.st.stm32cube.ide.mcu.externaltools.gnu-tools-for-stm32.7-2018-q2-update.win32_1.4.0.202007081208/tools/bin/../lib/gcc/arm-none-eabi/7.3.1/../../../../arm-none-eabi/lib/thumb/v7-m\libc_nano.a(lib_a-memset.o)
