main.c:77:6:delay_us	24	static
main.c:87:6:delay_ms	24	static
main.c:97:9:u8g2_gpio_and_delay_stm32	48	static,ignoring_inline_asm
main.c:179:6:BSP_LED_Init	32	static
main.c:198:6:BSP_LED_DeInit	24	static
main.c:209:6:BSP_LED1_On	8	static
main.c:213:6:BSP_LED1_Off	8	static
main.c:217:6:BSP_LED1_Toggle	8	static
main.c:221:6:BSP_LED2_On	8	static
main.c:225:6:BSP_LED2_Off	8	static
main.c:229:6:BSP_LED2_Toggle	8	static
main.c:239:5:main	16	static
main.c:315:6:SystemClock_Config	72	static
main.c:351:13:MX_GPIO_Init	16	static
main.c:367:6:Error_Handler	4	static
